map 'https://fhir.dk.swisstph-mis.ch/matchbox/fhir/StructureMap/emcare.b22.bronchodilatortest' = 'emcare.b22.bronchodilatortest'
uses 'http://hl7.org/fhir/uv/sdc/StructureDefinition/sdc-questionnaireresponse' alias 'questionnaireResponse' as source
uses 'http://hl7.org/fhir/StructureDefinition/Bundle' alias 'Bundle' as target
uses 'https://fhir.dk.swisstph-mis.ch/matchbox/fhir/StructureDefinition/observation' alias 'Observation' as target
uses 'https://fhir.dk.swisstph-mis.ch/matchbox/fhir/StructureDefinition/emcareobservation' alias 'EmCare Observation' as produced
group bundletrans(source src : questionnaireResponse,target bundle : Bundle){
    src -> bundle.id = uuid() 'id';
    src -> bundle.type = 'batch' 'type';
    src.item first as item  where linkId = 'EmCare.B22.DE22' and answer.exists() then {
        src -> bundle.entry as entry  then {
            src -> entry.request as request, request.method = 'POST' , uuid() as uuid, request.url = append('/Observation/', uuid) 'b50ac4c5';
            src -> entry.resource = create('Observation') as tgt then {
                src -> tgt then emcareobservationemcareb22de22(src, tgt) 'b9010fac';
            } '109bcf94';
        } '88ceffcd';
    } '88960ea0';
    src.item first as item  where linkId = 'EmCare.B22.DE18' and answer.exists() then {
        src -> bundle.entry as entry  then {
            src -> entry.request as request, request.method = 'POST' , uuid() as uuid, request.url = append('/Observation/', uuid) 'b50ac4c5';
            src -> entry.resource = create('Observation') as tgt then {
                src -> tgt then emcareobservationemcareb22de18(src, tgt) 'e38f8034';
            } '8979d7da';
        } 'd7e09828';
    } '3926dd2c';
    src.item first as item  where linkId = 'EmCare.B22.DE19' and answer.exists() then {
        src -> bundle.entry as entry  then {
            src -> entry.request as request, request.method = 'POST' , uuid() as uuid, request.url = append('/Observation/', uuid) 'b50ac4c5';
            src -> entry.resource = create('Observation') as tgt then {
                src -> tgt then emcareobservationemcareb22de19(src, tgt) 'fcad06cb';
            } '8ba0f057';
        } '77732436';
    } 'af943dde';
    src.item first as item  where linkId = 'EmCare.B22.DE20' and answer.exists() then {
        src -> bundle.entry as entry  then {
            src -> entry.request as request, request.method = 'POST' , uuid() as uuid, request.url = append('/Observation/', uuid) 'b50ac4c5';
            src -> entry.resource = create('Observation') as tgt then {
                src -> tgt then emcareobservationemcareb22de20(src, tgt) 'fccc6295';
            } '1e5e1f5f';
        } '510a702c';
    } 'e8a0fbe3';
}

group emcareobservationemcareb22de22(source src,target tgt){
        src -> tgt.identifier = create('Identifier') as CodeID,
            CodeID.system = 'http://hl7.org/fhir/namingsystem-identifier-type',
            CodeID.use =  'official',
            CodeID.value = 'uuid',
            CodeID.id = uuid()
         'id-emcareb22de22';
    src.encounter as encounter -> tgt.encounter = encounter '35bc6b82';
        src.subject as subject -> tgt.subject = subject,
            tgt.meta = create('Meta') as newMeta, newMeta.profile = 'https://fhir.dk.swisstph-mis.ch/matchbox/fhir/StructureDefinition/emcareobservation',
            tgt.code = create('CodeableConcept') as concept, concept.coding = create('Coding') as coding,
                coding.system = 'https://fhir.dk.swisstph-mis.ch/matchbox/fhir/CodeSystem/emcare-custom-codes',
                coding.code = 'EmCare.B22.DE22'
         'code-emcareb22de22';
    src.item as itemtimestamp where linkId  =  'timestamp' then {
        itemtimestamp.answer first as atimestamp then {
            atimestamp.value as val -> tgt.issued = val  '5af77f2c';
        } '7f22f29f';
    } 'aae7a11d';
    src.subject as subject -> tgt.subject = subject  'patient';
    src.item first as item  where linkId = 'EmCare.B22.DE22' and answer.exists() then {
        item.answer first as a then {
            a.value as val then {
                val where val.code = 'EmCare.B22.DE22' -> tgt.status = 'final',tgt.value = true  '54b81a1d';
            } '8adb717d';
        } '8a1e7f40';
    } '057952cd';
}

group emcareobservationemcareb22de18(source src,target tgt){
        src -> tgt.identifier = create('Identifier') as CodeID,
            CodeID.system = 'http://hl7.org/fhir/namingsystem-identifier-type',
            CodeID.use =  'official',
            CodeID.value = 'uuid',
            CodeID.id = uuid()
         'id-emcareb22de18';
    src.encounter as encounter -> tgt.encounter = encounter '35bc6b82';
        src.subject as subject -> tgt.subject = subject,
            tgt.meta = create('Meta') as newMeta, newMeta.profile = 'https://fhir.dk.swisstph-mis.ch/matchbox/fhir/StructureDefinition/emcareobservation',
            tgt.code = create('CodeableConcept') as concept, concept.coding = create('Coding') as coding,
                coding.system = 'https://fhir.dk.swisstph-mis.ch/matchbox/fhir/CodeSystem/emcare-custom-codes',
                coding.code = 'EmCare.B22.DE18'
         'code-emcareb22de18';
    src.item as itemtimestamp where linkId  =  'timestamp' then {
        itemtimestamp.answer first as atimestamp then {
            atimestamp.value as val -> tgt.issued = val  '5af77f2c';
        } '7f22f29f';
    } 'aae7a11d';
    src.subject as subject -> tgt.subject = subject  'patient';
    src.item first as item  where linkId = 'EmCare.B22.DE18' and answer.exists() then {
        item.answer first as a then {
            a  where a.value = true -> tgt.status = 'final', tgt.value = true 'final-emcareb22de18';
            a  where a.value = false -> tgt.status = 'cancelled', tgt.value = false 'notfound-emcareb22de18';
        } 'bdab9370';
    } 'd9ba288a';
}

group emcareobservationemcareb22de19(source src,target tgt){
        src -> tgt.identifier = create('Identifier') as CodeID,
            CodeID.system = 'http://hl7.org/fhir/namingsystem-identifier-type',
            CodeID.use =  'official',
            CodeID.value = 'uuid',
            CodeID.id = uuid()
         'id-emcareb22de19';
    src.encounter as encounter -> tgt.encounter = encounter '35bc6b82';
        src.subject as subject -> tgt.subject = subject,
            tgt.meta = create('Meta') as newMeta, newMeta.profile = 'https://fhir.dk.swisstph-mis.ch/matchbox/fhir/StructureDefinition/emcareobservation',
            tgt.code = create('CodeableConcept') as concept, concept.coding = create('Coding') as coding,
                coding.system = 'https://fhir.dk.swisstph-mis.ch/matchbox/fhir/CodeSystem/emcare-custom-codes',
                coding.code = 'EmCare.B22.DE19'
         'code-emcareb22de19';
    src.item as itemtimestamp where linkId  =  'timestamp' then {
        itemtimestamp.answer first as atimestamp then {
            atimestamp.value as val -> tgt.issued = val  '5af77f2c';
        } '7f22f29f';
    } 'aae7a11d';
    src.subject as subject -> tgt.subject = subject  'patient';
    src.item first as item  where linkId = 'EmCare.B22.DE19' and answer.exists() then {
        item.answer first as a then {
            a.value as val -> tgt.value = val, tgt.status = 'final' 'afa0ccc0';
        } 'd40466ff';
    } 'a0fbce55';
}

group emcareobservationemcareb22de20(source src,target tgt){
        src -> tgt.identifier = create('Identifier') as CodeID,
            CodeID.system = 'http://hl7.org/fhir/namingsystem-identifier-type',
            CodeID.use =  'official',
            CodeID.value = 'uuid',
            CodeID.id = uuid()
         'id-emcareb22de20';
    src.encounter as encounter -> tgt.encounter = encounter '35bc6b82';
        src.subject as subject -> tgt.subject = subject,
            tgt.meta = create('Meta') as newMeta, newMeta.profile = 'https://fhir.dk.swisstph-mis.ch/matchbox/fhir/StructureDefinition/emcareobservation',
            tgt.code = create('CodeableConcept') as concept, concept.coding = create('Coding') as coding,
                coding.system = 'https://fhir.dk.swisstph-mis.ch/matchbox/fhir/CodeSystem/emcare-custom-codes',
                coding.code = 'EmCare.B22.DE20'
         'code-emcareb22de20';
    src.item as itemtimestamp where linkId  =  'timestamp' then {
        itemtimestamp.answer first as atimestamp then {
            atimestamp.value as val -> tgt.issued = val  '5af77f2c';
        } '7f22f29f';
    } 'aae7a11d';
    src.subject as subject -> tgt.subject = subject  'patient';
    src.item first as item  where linkId = 'EmCare.B22.DE20' and answer.exists() then {
        item.answer first as a then {
            a  where a.value = true -> tgt.status = 'final', tgt.value = true 'final-emcareb22de20';
            a  where a.value = false -> tgt.status = 'cancelled', tgt.value = false 'notfound-emcareb22de20';
        } 'bdab9370';
    } 'ea4744f9';
}

