map 'https://fhir.dk.swisstph-mis.ch/matchbox/fhir/StructureMap/emcare.b22.breastfeeding' = 'emcare.b22.breastfeeding'
uses 'http://hl7.org/fhir/uv/sdc/StructureDefinition/sdc-questionnaireresponse' alias 'questionnaireResponse' as source
uses 'http://hl7.org/fhir/StructureDefinition/Bundle' alias 'Bundle' as target
uses 'https://fhir.dk.swisstph-mis.ch/matchbox/fhir/StructureDefinition/observation' alias 'Observation' as target
uses 'https://fhir.dk.swisstph-mis.ch/matchbox/fhir/StructureDefinition/emcareobservation' alias 'EmCare Observation' as produced
group bundletrans(source src : questionnaireResponse,target bundle : Bundle){
    src -> bundle.id = uuid() 'id';
    src -> bundle.type = 'batch' 'type';
    src.item first as item  where linkId = 'EmCare.B22.DE41' and answer.exists() then {
        src -> bundle.entry as entry  then {
            src -> entry.request as request, request.method = 'POST' , uuid() as uuid, request.url = append('/Observation/', uuid) 'b50ac4c5';
            src -> entry.resource = create('Observation') as tgt then {
                src -> tgt then emcareobservationemcareb22de41(src, tgt) '35802f20';
            } '765c240d';
        } '9de4a229';
    } '75985b2b';
    src.item first as item  where linkId = 'EmCare.B22.DE42' and answer.exists() then {
        src -> bundle.entry as entry  then {
            src -> entry.request as request, request.method = 'POST' , uuid() as uuid, request.url = append('/Observation/', uuid) 'b50ac4c5';
            src -> entry.resource = create('Observation') as tgt then {
                src -> tgt then emcareobservationemcareb22de42(src, tgt) '273b1a16';
            } '213a0dca';
        } '56a5bbd9';
    } '36bdb5b8';
    src.item first as item  where linkId = 'EmCare.B22.DE44' and answer.exists() then {
        src -> bundle.entry as entry  then {
            src -> entry.request as request, request.method = 'POST' , uuid() as uuid, request.url = append('/Observation/', uuid) 'b50ac4c5';
            src -> entry.resource = create('Observation') as tgt then {
                src -> tgt then emcareobservationemcareb22de44(src, tgt) '843d7b1e';
            } '70061b03';
        } '0e593cb2';
    } '4199346d';
    src.item first as item  where linkId = 'EmCare.B22.DE36' and answer.exists() then {
        src -> bundle.entry as entry  then {
            src -> entry.request as request, request.method = 'POST' , uuid() as uuid, request.url = append('/Observation/', uuid) 'b50ac4c5';
            src -> entry.resource = create('Observation') as tgt then {
                src -> tgt then emcareobservationemcareb22de36(src, tgt) '5d275331';
            } 'cec8e27b';
        } 'e67b8382';
    } '407c94f0';
}

group emcareobservationemcareb22de41(source src,target tgt){
        src -> tgt.identifier = create('Identifier') as CodeID,
            CodeID.system = 'http://hl7.org/fhir/namingsystem-identifier-type',
            CodeID.use =  'official',
            CodeID.value = 'uuid',
            CodeID.id = uuid()
         'id-emcareb22de41';
    src.encounter as encounter -> tgt.encounter = encounter '35bc6b82';
        src.subject as subject -> tgt.subject = subject,
            tgt.meta = create('Meta') as newMeta, newMeta.profile = 'https://fhir.dk.swisstph-mis.ch/matchbox/fhir/StructureDefinition/emcareobservation',
            tgt.code = create('CodeableConcept') as concept, concept.coding = create('Coding') as coding,
                coding.system = 'https://fhir.dk.swisstph-mis.ch/matchbox/fhir/CodeSystem/emcare-custom-codes',
                coding.code = 'EmCare.B22.DE41'
         'code-emcareb22de41';
    src.item as itemtimestamp where linkId  =  'timestamp' then {
        itemtimestamp.answer first as atimestamp then {
            atimestamp.value as val -> tgt.issued = val  '5af77f2c';
        } '7f22f29f';
    } 'aae7a11d';
    src.subject as subject -> tgt.subject = subject  'patient';
    src.item first as item  where linkId = 'EmCare.B22.DE41' and answer.exists() then {
        item.answer first as a then {
            a.value as val then {
                val where val.code = 'EmCare.B22.DE41' -> tgt.status = 'final',tgt.value = true  '375897e4';
            } '1bcbafee';
        } 'cb0fe4c3';
    } '05a74f0d';
}

group emcareobservationemcareb22de42(source src,target tgt){
        src -> tgt.identifier = create('Identifier') as CodeID,
            CodeID.system = 'http://hl7.org/fhir/namingsystem-identifier-type',
            CodeID.use =  'official',
            CodeID.value = 'uuid',
            CodeID.id = uuid()
         'id-emcareb22de42';
    src.encounter as encounter -> tgt.encounter = encounter '35bc6b82';
        src.subject as subject -> tgt.subject = subject,
            tgt.meta = create('Meta') as newMeta, newMeta.profile = 'https://fhir.dk.swisstph-mis.ch/matchbox/fhir/StructureDefinition/emcareobservation',
            tgt.code = create('CodeableConcept') as concept, concept.coding = create('Coding') as coding,
                coding.system = 'https://fhir.dk.swisstph-mis.ch/matchbox/fhir/CodeSystem/emcare-custom-codes',
                coding.code = 'EmCare.B22.DE42'
         'code-emcareb22de42';
    src.item as itemtimestamp where linkId  =  'timestamp' then {
        itemtimestamp.answer first as atimestamp then {
            atimestamp.value as val -> tgt.issued = val  '5af77f2c';
        } '7f22f29f';
    } 'aae7a11d';
    src.subject as subject -> tgt.subject = subject  'patient';
    src.item first as item  where linkId = 'EmCare.B22.DE42' and answer.exists() then {
        item.answer first as a then {
            a  where a.value = true -> tgt.status = 'final', tgt.value = true 'final-emcareb22de42';
            a  where a.value = false -> tgt.status = 'cancelled', tgt.value = false 'notfound-emcareb22de42';
        } 'bdab9370';
    } 'da98ddbd';
}

group emcareobservationemcareb22de44(source src,target tgt){
        src -> tgt.identifier = create('Identifier') as CodeID,
            CodeID.system = 'http://hl7.org/fhir/namingsystem-identifier-type',
            CodeID.use =  'official',
            CodeID.value = 'uuid',
            CodeID.id = uuid()
         'id-emcareb22de44';
    src.encounter as encounter -> tgt.encounter = encounter '35bc6b82';
        src.subject as subject -> tgt.subject = subject,
            tgt.meta = create('Meta') as newMeta, newMeta.profile = 'https://fhir.dk.swisstph-mis.ch/matchbox/fhir/StructureDefinition/emcareobservation',
            tgt.code = create('CodeableConcept') as concept, concept.coding = create('Coding') as coding,
                coding.system = 'https://fhir.dk.swisstph-mis.ch/matchbox/fhir/CodeSystem/emcare-custom-codes',
                coding.code = 'EmCare.B22.DE44'
         'code-emcareb22de44';
    src.item as itemtimestamp where linkId  =  'timestamp' then {
        itemtimestamp.answer first as atimestamp then {
            atimestamp.value as val -> tgt.issued = val  '5af77f2c';
        } '7f22f29f';
    } 'aae7a11d';
    src.subject as subject -> tgt.subject = subject  'patient';
    src.item first as item  where linkId = 'EmCare.B22.DE44' and answer.exists() then {
        item.answer first as a then {
            a  where a.value = true -> tgt.status = 'final', tgt.value = true 'final-emcareb22de44';
            a  where a.value = false -> tgt.status = 'cancelled', tgt.value = false 'notfound-emcareb22de44';
        } 'bdab9370';
    } '53869acc';
}

group emcareobservationemcareb22de36(source src,target tgt){
        src -> tgt.identifier = create('Identifier') as CodeID,
            CodeID.system = 'http://hl7.org/fhir/namingsystem-identifier-type',
            CodeID.use =  'official',
            CodeID.value = 'uuid',
            CodeID.id = uuid()
         'id-emcareobservationemcareb22de36';
    src.encounter as encounter -> tgt.encounter = encounter '35bc6b82';
        src.subject as subject -> tgt.subject = subject,
            tgt.meta = create('Meta') as newMeta, newMeta.profile = 'https://fhir.dk.swisstph-mis.ch/matchbox/fhir/StructureDefinition/emcareobservation',
            tgt.code = create('CodeableConcept') as concept, concept.coding = create('Coding') as coding,
                coding.system = 'https://fhir.dk.swisstph-mis.ch/matchbox/fhir/CodeSystem/emcare-custom-codes',
                coding.code = 'EmCare.B22.DE36'
         'code-emcareobservationemcareb22de36';
    src.item as itemtimestamp where linkId  =  'timestamp' then {
        itemtimestamp.answer first as atimestamp then {
            atimestamp.value as val -> tgt.issued = val  '5af77f2c';
        } '7f22f29f';
    } 'aae7a11d';
    src.subject as subject -> tgt.subject = subject  'patient';
    src.item first as item  where linkId = 'EmCare.B22.DE36' and answer.exists() then {
        item.answer first as a then {
            a where value = 'Not well Attached to Breast' then {
                a -> tgt.value = create('CodeableConcept') as cc, cc.coding = create('Coding') as c, c.code='EmCare.B22.DE37', c.system= 'https://fhir.dk.swisstph-mis.ch/matchbox/fhir/CodeSystem/emcare-custom-codes', tgt.status = 'final' 'dfb0a5c3';
            } 'f0a0a4e3';
            a where value = 'Good Attachment' then {
                a -> tgt.value = create('CodeableConcept') as cc, cc.coding = create('Coding') as c, c.code='EmCare.B22.DE38', c.system= 'https://fhir.dk.swisstph-mis.ch/matchbox/fhir/CodeSystem/emcare-custom-codes', tgt.status = 'final' '99789115';
            } 'bc1ca575';
            a where value = 'Not Sucking Effectively' then {
                a -> tgt.value = create('CodeableConcept') as cc, cc.coding = create('Coding') as c, c.code='EmCare.B22.DE39', c.system= 'https://fhir.dk.swisstph-mis.ch/matchbox/fhir/CodeSystem/emcare-custom-codes', tgt.status = 'final' '4caea371';
            } 'c8ef88d4';
            a where value = 'Sucking Effectively' then {
                a -> tgt.value = create('CodeableConcept') as cc, cc.coding = create('Coding') as c, c.code='EmCare.B22.DE40', c.system= 'https://fhir.dk.swisstph-mis.ch/matchbox/fhir/CodeSystem/emcare-custom-codes', tgt.status = 'final' 'a7f96003';
            } '9268170a';
        } '75e3206c';
    } '76d04cd0';
}

